// Jest Snapshot v1, https://goo.gl/fbAQLP

exports[`Componente de lista de transações do extrato O snapshot do componente deve permanecer sempre o mesmo 1`] = `
NodeList [
  <div
    data-testid="transacoes"
  >
    <div
      class="transacao-container"
    >
      <p>
        10/06/2022
      </p>
      <p>
        saque
      </p>
      <p>
        R$ 
        10
      </p>
    </div>
    <div
      class="transacao-container"
    >
      <p>
        26/07/2022
      </p>
      <p>
        deposito
      </p>
      <p>
        R$ 
        20
      </p>
    </div>
  </div>,
]
`;
